2025-11-07T02:46:17.9822440Z Current runner version: '2.329.0'
2025-11-07T02:46:17.9844822Z ##[group]Runner Image Provisioner
2025-11-07T02:46:17.9845651Z Hosted Compute Agent
2025-11-07T02:46:17.9846203Z Version: 20251016.436
2025-11-07T02:46:17.9846766Z Commit: 8ab8ac8bfd662a3739dab9fe09456aba92132568
2025-11-07T02:46:17.9847534Z Build Date: 2025-10-15T20:44:12Z
2025-11-07T02:46:17.9848114Z ##[endgroup]
2025-11-07T02:46:17.9848681Z ##[group]Operating System
2025-11-07T02:46:17.9849305Z Ubuntu
2025-11-07T02:46:17.9849753Z 24.04.3
2025-11-07T02:46:17.9850220Z LTS
2025-11-07T02:46:17.9850670Z ##[endgroup]
2025-11-07T02:46:17.9851172Z ##[group]Runner Image
2025-11-07T02:46:17.9851997Z Image: ubuntu-24.04
2025-11-07T02:46:17.9852574Z Version: 20251030.96.2
2025-11-07T02:46:17.9853622Z Included Software: https://github.com/actions/runner-images/blob/ubuntu24/20251030.96/images/ubuntu/Ubuntu2404-Readme.md
2025-11-07T02:46:17.9855128Z Image Release: https://github.com/actions/runner-images/releases/tag/ubuntu24%2F20251030.96
2025-11-07T02:46:17.9856164Z ##[endgroup]
2025-11-07T02:46:17.9858651Z ##[group]GITHUB_TOKEN Permissions
2025-11-07T02:46:17.9860572Z Actions: write
2025-11-07T02:46:17.9861132Z Attestations: write
2025-11-07T02:46:17.9861851Z Checks: write
2025-11-07T02:46:17.9862467Z Contents: write
2025-11-07T02:46:17.9862990Z Deployments: write
2025-11-07T02:46:17.9863495Z Discussions: write
2025-11-07T02:46:17.9864073Z Issues: write
2025-11-07T02:46:17.9864520Z Metadata: read
2025-11-07T02:46:17.9864996Z Models: read
2025-11-07T02:46:17.9865524Z Packages: write
2025-11-07T02:46:17.9866063Z Pages: write
2025-11-07T02:46:17.9866524Z PullRequests: write
2025-11-07T02:46:17.9867110Z RepositoryProjects: write
2025-11-07T02:46:17.9867635Z SecurityEvents: write
2025-11-07T02:46:17.9868243Z Statuses: write
2025-11-07T02:46:17.9868793Z ##[endgroup]
2025-11-07T02:46:17.9870702Z Secret source: Actions
2025-11-07T02:46:17.9871685Z Prepare workflow directory
2025-11-07T02:46:18.0297055Z Prepare all required actions
2025-11-07T02:46:18.0351306Z Getting action download info
2025-11-07T02:46:18.3795452Z Download action repository 'actions/checkout@v4' (SHA:08eba0b27e820071cde6df949e0beb9ba4906955)
2025-11-07T02:46:18.5657699Z Download action repository 'astral-sh/setup-uv@v5' (SHA:d4b2f3b6ecc6e67c4457f6d3e41ec42d3d0fcb86)
2025-11-07T02:46:18.9762222Z Download action repository 'actions/setup-python@v5' (SHA:a26af69be951a213d495a4c3e4e4022e16d87065)
2025-11-07T02:46:19.1024005Z Download action repository 'codecov/codecov-action@v4' (SHA:b9fd7d16f6d7d1b5d2bec1a2887e65ceed900238)
2025-11-07T02:46:19.5413860Z Complete job name: Test with vtty virtual serial ports
2025-11-07T02:46:19.6177340Z ##[group]Run actions/checkout@v4
2025-11-07T02:46:19.6178297Z with:
2025-11-07T02:46:19.6178791Z   repository: andrewleech/pyserial
2025-11-07T02:46:19.6179716Z   token: ***
2025-11-07T02:46:19.6180163Z   ssh-strict: true
2025-11-07T02:46:19.6180637Z   ssh-user: git
2025-11-07T02:46:19.6181128Z   persist-credentials: true
2025-11-07T02:46:19.6181883Z   clean: true
2025-11-07T02:46:19.6182417Z   sparse-checkout-cone-mode: true
2025-11-07T02:46:19.6183076Z   fetch-depth: 1
2025-11-07T02:46:19.6183532Z   fetch-tags: false
2025-11-07T02:46:19.6184023Z   show-progress: true
2025-11-07T02:46:19.6184525Z   lfs: false
2025-11-07T02:46:19.6184962Z   submodules: false
2025-11-07T02:46:19.6185462Z   set-safe-directory: true
2025-11-07T02:46:19.6186272Z ##[endgroup]
2025-11-07T02:46:19.7239754Z Syncing repository: andrewleech/pyserial
2025-11-07T02:46:19.7242051Z ##[group]Getting Git version info
2025-11-07T02:46:19.7243073Z Working directory is '/home/runner/work/pyserial/pyserial'
2025-11-07T02:46:19.7244527Z [command]/usr/bin/git version
2025-11-07T02:46:19.7309267Z git version 2.51.2
2025-11-07T02:46:19.7335281Z ##[endgroup]
2025-11-07T02:46:19.7348824Z Temporarily overriding HOME='/home/runner/work/_temp/4ec6936e-010b-44fa-ae28-ff95b29a3dbc' before making global git config changes
2025-11-07T02:46:19.7351270Z Adding repository directory to the temporary git global config as a safe directory
2025-11-07T02:46:19.7360627Z [command]/usr/bin/git config --global --add safe.directory /home/runner/work/pyserial/pyserial
2025-11-07T02:46:19.7395384Z Deleting the contents of '/home/runner/work/pyserial/pyserial'
2025-11-07T02:46:19.7398889Z ##[group]Initializing the repository
2025-11-07T02:46:19.7402838Z [command]/usr/bin/git init /home/runner/work/pyserial/pyserial
2025-11-07T02:46:19.7499035Z hint: Using 'master' as the name for the initial branch. This default branch name
2025-11-07T02:46:19.7500634Z hint: is subject to change. To configure the initial branch name to use in all
2025-11-07T02:46:19.7502524Z hint: of your new repositories, which will suppress this warning, call:
2025-11-07T02:46:19.7504053Z hint:
2025-11-07T02:46:19.7504658Z hint: 	git config --global init.defaultBranch <name>
2025-11-07T02:46:19.7505472Z hint:
2025-11-07T02:46:19.7506234Z hint: Names commonly chosen instead of 'master' are 'main', 'trunk' and
2025-11-07T02:46:19.7507829Z hint: 'development'. The just-created branch can be renamed via this command:
2025-11-07T02:46:19.7509021Z hint:
2025-11-07T02:46:19.7509459Z hint: 	git branch -m <name>
2025-11-07T02:46:19.7510008Z hint:
2025-11-07T02:46:19.7510882Z hint: Disable this message with "git config set advice.defaultBranchName false"
2025-11-07T02:46:19.7513502Z Initialized empty Git repository in /home/runner/work/pyserial/pyserial/.git/
2025-11-07T02:46:19.7516111Z [command]/usr/bin/git remote add origin https://github.com/andrewleech/pyserial
2025-11-07T02:46:19.7546977Z ##[endgroup]
2025-11-07T02:46:19.7547885Z ##[group]Disabling automatic garbage collection
2025-11-07T02:46:19.7550532Z [command]/usr/bin/git config --local gc.auto 0
2025-11-07T02:46:19.7578150Z ##[endgroup]
2025-11-07T02:46:19.7578966Z ##[group]Setting up auth
2025-11-07T02:46:19.7585006Z [command]/usr/bin/git config --local --name-only --get-regexp core\.sshCommand
2025-11-07T02:46:19.7617593Z [command]/usr/bin/git submodule foreach --recursive sh -c "git config --local --name-only --get-regexp 'core\.sshCommand' && git config --local --unset-all 'core.sshCommand' || :"
2025-11-07T02:46:19.7947502Z [command]/usr/bin/git config --local --name-only --get-regexp http\.https\:\/\/github\.com\/\.extraheader
2025-11-07T02:46:19.7979289Z [command]/usr/bin/git submodule foreach --recursive sh -c "git config --local --name-only --get-regexp 'http\.https\:\/\/github\.com\/\.extraheader' && git config --local --unset-all 'http.https://github.com/.extraheader' || :"
2025-11-07T02:46:19.8194283Z [command]/usr/bin/git config --local http.https://github.com/.extraheader AUTHORIZATION: basic ***
2025-11-07T02:46:19.8228060Z ##[endgroup]
2025-11-07T02:46:19.8228977Z ##[group]Fetching the repository
2025-11-07T02:46:19.8245219Z [command]/usr/bin/git -c protocol.version=2 fetch --no-tags --prune --no-recurse-submodules --depth=1 origin +87a73aa3fdafa8934c1c381b851eba4c5c551440:refs/remotes/origin/add-ci-uv
2025-11-07T02:46:20.0901312Z From https://github.com/andrewleech/pyserial
2025-11-07T02:46:20.0902487Z  * [new ref]         87a73aa3fdafa8934c1c381b851eba4c5c551440 -> origin/add-ci-uv
2025-11-07T02:46:20.0932700Z ##[endgroup]
2025-11-07T02:46:20.0933667Z ##[group]Determining the checkout info
2025-11-07T02:46:20.0935196Z ##[endgroup]
2025-11-07T02:46:20.0939960Z [command]/usr/bin/git sparse-checkout disable
2025-11-07T02:46:20.0979284Z [command]/usr/bin/git config --local --unset-all extensions.worktreeConfig
2025-11-07T02:46:20.1007125Z ##[group]Checking out the ref
2025-11-07T02:46:20.1011305Z [command]/usr/bin/git checkout --progress --force -B add-ci-uv refs/remotes/origin/add-ci-uv
2025-11-07T02:46:20.1109210Z Switched to a new branch 'add-ci-uv'
2025-11-07T02:46:20.1112278Z branch 'add-ci-uv' set up to track 'origin/add-ci-uv'.
2025-11-07T02:46:20.1117445Z ##[endgroup]
2025-11-07T02:46:20.1149928Z [command]/usr/bin/git log -1 --format=%H
2025-11-07T02:46:20.1171152Z 87a73aa3fdafa8934c1c381b851eba4c5c551440
2025-11-07T02:46:20.1399724Z ##[group]Run astral-sh/setup-uv@v5
2025-11-07T02:46:20.1400237Z with:
2025-11-07T02:46:20.1400814Z   enable-cache: true
2025-11-07T02:46:20.1401628Z   github-token: ***
2025-11-07T02:46:20.1402147Z   cache-dependency-glob: **/uv.lock
**/requirements*.txt

2025-11-07T02:46:20.1402746Z   prune-cache: true
2025-11-07T02:46:20.1403112Z   ignore-nothing-to-cache: false
2025-11-07T02:46:20.1403581Z   ignore-empty-workdir: false
2025-11-07T02:46:20.1403987Z ##[endgroup]
2025-11-07T02:46:20.6475514Z Downloading uv from "https://github.com/astral-sh/uv/releases/download/0.9.7/uv-x86_64-unknown-linux-gnu.tar.gz" ...
2025-11-07T02:46:21.3828040Z [command]/usr/bin/tar xz --warning=no-unknown-keyword --overwrite -C /home/runner/work/_temp/6be92998-19ec-4c78-bb6f-bd7dafe80c25 -f /home/runner/work/_temp/28980558-7a42-45e0-897d-b5e4ead7f02e
2025-11-07T02:46:21.8116343Z Added /home/runner/.local/bin to the path
2025-11-07T02:46:21.8119955Z Added /opt/hostedtoolcache/uv/0.9.7/x86_64 to the path
2025-11-07T02:46:21.8156143Z Set UV_CACHE_DIR to /home/runner/work/_temp/setup-uv-cache
2025-11-07T02:46:21.8157048Z Successfully installed uv version 0.9.7
2025-11-07T02:46:21.8157952Z Searching files using cache dependency glob: **/uv.lock,**/requirements*.txt
2025-11-07T02:46:21.8263088Z /home/runner/work/pyserial/pyserial/documentation/requirements.txt
2025-11-07T02:46:21.8298040Z /home/runner/work/pyserial/pyserial/requirements.txt
2025-11-07T02:46:21.8356363Z /home/runner/work/pyserial/pyserial/uv.lock
2025-11-07T02:46:21.8364046Z Found 3 files to hash.
2025-11-07T02:46:21.9019420Z Trying to restore uv cache from GitHub Actions cache with key: setup-uv-1-x86_64-unknown-linux-gnu-3.12.3-3bda59dce989925a291465181b0c0354969a005478610ee02c695c5b1f4297bb
2025-11-07T02:46:22.0079437Z No GitHub Actions cache found for key: setup-uv-1-x86_64-unknown-linux-gnu-3.12.3-3bda59dce989925a291465181b0c0354969a005478610ee02c695c5b1f4297bb
2025-11-07T02:46:22.0220715Z ##[group]Run actions/setup-python@v5
2025-11-07T02:46:22.0220996Z with:
2025-11-07T02:46:22.0221191Z   python-version: 3.12
2025-11-07T02:46:22.0221780Z   allow-prereleases: true
2025-11-07T02:46:22.0222052Z   check-latest: false
2025-11-07T02:46:22.0222375Z   token: ***
2025-11-07T02:46:22.0222561Z   update-environment: true
2025-11-07T02:46:22.0222787Z   freethreaded: false
2025-11-07T02:46:22.0222966Z env:
2025-11-07T02:46:22.0223172Z   UV_CACHE_DIR: /home/runner/work/_temp/setup-uv-cache
2025-11-07T02:46:22.0223443Z ##[endgroup]
2025-11-07T02:46:22.1869515Z ##[group]Installed versions
2025-11-07T02:46:22.2424718Z Successfully set up CPython (3.12.12)
2025-11-07T02:46:22.2425806Z ##[endgroup]
2025-11-07T02:46:22.2528797Z ##[group]Run sudo apt-get update
2025-11-07T02:46:22.2529125Z [36;1msudo apt-get update[0m
2025-11-07T02:46:22.2529411Z [36;1msudo apt-get install -y build-essential[0m
2025-11-07T02:46:22.2675460Z shell: /usr/bin/bash -e {0}
2025-11-07T02:46:22.2675766Z env:
2025-11-07T02:46:22.2675988Z   UV_CACHE_DIR: /home/runner/work/_temp/setup-uv-cache
2025-11-07T02:46:22.2676355Z   pythonLocation: /opt/hostedtoolcache/Python/3.12.12/x64
2025-11-07T02:46:22.2676791Z   PKG_CONFIG_PATH: /opt/hostedtoolcache/Python/3.12.12/x64/lib/pkgconfig
2025-11-07T02:46:22.2677184Z   Python_ROOT_DIR: /opt/hostedtoolcache/Python/3.12.12/x64
2025-11-07T02:46:22.2677548Z   Python2_ROOT_DIR: /opt/hostedtoolcache/Python/3.12.12/x64
2025-11-07T02:46:22.2677889Z   Python3_ROOT_DIR: /opt/hostedtoolcache/Python/3.12.12/x64
2025-11-07T02:46:22.2678244Z   LD_LIBRARY_PATH: /opt/hostedtoolcache/Python/3.12.12/x64/lib
2025-11-07T02:46:22.2678533Z ##[endgroup]
2025-11-07T02:46:22.3483693Z Get:1 file:/etc/apt/apt-mirrors.txt Mirrorlist [144 B]
2025-11-07T02:46:22.3808738Z Hit:2 http://azure.archive.ubuntu.com/ubuntu noble InRelease
2025-11-07T02:46:22.3816357Z Get:6 https://packages.microsoft.com/repos/azure-cli noble InRelease [3564 B]
2025-11-07T02:46:22.3820011Z Get:7 https://packages.microsoft.com/ubuntu/24.04/prod noble InRelease [3600 B]
2025-11-07T02:46:22.3830711Z Get:3 http://azure.archive.ubuntu.com/ubuntu noble-updates InRelease [126 kB]
2025-11-07T02:46:22.3876702Z Get:4 http://azure.archive.ubuntu.com/ubuntu noble-backports InRelease [126 kB]
2025-11-07T02:46:22.3902550Z Get:5 http://azure.archive.ubuntu.com/ubuntu noble-security InRelease [126 kB]
2025-11-07T02:46:22.5043455Z Get:8 https://packages.microsoft.com/repos/azure-cli noble/main amd64 Packages [1700 B]
2025-11-07T02:46:22.5467576Z Get:9 https://packages.microsoft.com/ubuntu/24.04/prod noble/main armhf Packages [11.2 kB]
2025-11-07T02:46:22.5502225Z Get:10 https://packages.microsoft.com/ubuntu/24.04/prod noble/main arm64 Packages [49.6 kB]
2025-11-07T02:46:22.5538579Z Get:11 https://packages.microsoft.com/ubuntu/24.04/prod noble/main amd64 Packages [67.0 kB]
2025-11-07T02:46:22.5923466Z Get:12 http://azure.archive.ubuntu.com/ubuntu noble-updates/main amd64 Packages [1585 kB]
2025-11-07T02:46:22.6007866Z Get:13 http://azure.archive.ubuntu.com/ubuntu noble-updates/main Translation-en [299 kB]
2025-11-07T02:46:22.6032007Z Get:14 http://azure.archive.ubuntu.com/ubuntu noble-updates/main amd64 Components [175 kB]
2025-11-07T02:46:22.6054366Z Get:15 http://azure.archive.ubuntu.com/ubuntu noble-updates/main amd64 c-n-f Metadata [15.7 kB]
2025-11-07T02:46:22.6076905Z Get:16 http://azure.archive.ubuntu.com/ubuntu noble-updates/universe amd64 Packages [1498 kB]
2025-11-07T02:46:22.6170974Z Get:17 http://azure.archive.ubuntu.com/ubuntu noble-updates/universe Translation-en [303 kB]
2025-11-07T02:46:22.6204093Z Get:18 http://azure.archive.ubuntu.com/ubuntu noble-updates/universe amd64 Components [378 kB]
2025-11-07T02:46:22.6284064Z Get:19 http://azure.archive.ubuntu.com/ubuntu noble-updates/universe amd64 c-n-f Metadata [31.4 kB]
2025-11-07T02:46:22.6303183Z Get:20 http://azure.archive.ubuntu.com/ubuntu noble-updates/restricted amd64 Packages [2244 kB]
2025-11-07T02:46:22.6453541Z Get:21 http://azure.archive.ubuntu.com/ubuntu noble-updates/restricted Translation-en [509 kB]
2025-11-07T02:46:22.6922605Z Get:22 http://azure.archive.ubuntu.com/ubuntu noble-updates/restricted amd64 Components [212 B]
2025-11-07T02:46:22.6933391Z Get:23 http://azure.archive.ubuntu.com/ubuntu noble-updates/multiverse amd64 Components [940 B]
2025-11-07T02:46:22.6947724Z Get:24 http://azure.archive.ubuntu.com/ubuntu noble-backports/main amd64 Components [7140 B]
2025-11-07T02:46:22.7002562Z Get:25 http://azure.archive.ubuntu.com/ubuntu noble-backports/universe amd64 Components [11.0 kB]
2025-11-07T02:46:22.7003731Z Get:26 http://azure.archive.ubuntu.com/ubuntu noble-backports/restricted amd64 Components [212 B]
2025-11-07T02:46:22.7005292Z Get:27 http://azure.archive.ubuntu.com/ubuntu noble-backports/multiverse amd64 Components [212 B]
2025-11-07T02:46:22.7024838Z Get:28 http://azure.archive.ubuntu.com/ubuntu noble-security/main amd64 Packages [1305 kB]
2025-11-07T02:46:22.7102294Z Get:29 http://azure.archive.ubuntu.com/ubuntu noble-security/main Translation-en [215 kB]
2025-11-07T02:46:22.7122292Z Get:30 http://azure.archive.ubuntu.com/ubuntu noble-security/main amd64 Components [21.5 kB]
2025-11-07T02:46:22.7134373Z Get:31 http://azure.archive.ubuntu.com/ubuntu noble-security/main amd64 c-n-f Metadata [9336 B]
2025-11-07T02:46:22.7160461Z Get:32 http://azure.archive.ubuntu.com/ubuntu noble-security/universe amd64 Packages [906 kB]
2025-11-07T02:46:22.7214776Z Get:33 http://azure.archive.ubuntu.com/ubuntu noble-security/universe Translation-en [203 kB]
2025-11-07T02:46:22.7234389Z Get:34 http://azure.archive.ubuntu.com/ubuntu noble-security/universe amd64 Components [52.2 kB]
2025-11-07T02:46:22.7248752Z Get:35 http://azure.archive.ubuntu.com/ubuntu noble-security/universe amd64 c-n-f Metadata [19.4 kB]
2025-11-07T02:46:22.7680540Z Get:36 http://azure.archive.ubuntu.com/ubuntu noble-security/restricted amd64 Packages [2135 kB]
2025-11-07T02:46:22.7788682Z Get:37 http://azure.archive.ubuntu.com/ubuntu noble-security/restricted Translation-en [485 kB]
2025-11-07T02:46:22.7816927Z Get:38 http://azure.archive.ubuntu.com/ubuntu noble-security/restricted amd64 Components [212 B]
2025-11-07T02:46:22.7827153Z Get:39 http://azure.archive.ubuntu.com/ubuntu noble-security/multiverse amd64 Components [212 B]
2025-11-07T02:46:31.2713123Z Fetched 12.9 MB in 2s (8253 kB/s)
2025-11-07T02:46:31.9865023Z Reading package lists...
2025-11-07T02:46:32.0179137Z Reading package lists...
2025-11-07T02:46:32.1777794Z Building dependency tree...
2025-11-07T02:46:32.1785401Z Reading state information...
2025-11-07T02:46:32.3429099Z The following NEW packages will be installed:
2025-11-07T02:46:32.3436247Z   build-essential
2025-11-07T02:46:32.3602998Z 0 upgraded, 1 newly installed, 0 to remove and 37 not upgraded.
2025-11-07T02:46:32.3603612Z Need to get 4928 B of archives.
2025-11-07T02:46:32.3608932Z After this operation, 17.4 kB of additional disk space will be used.
2025-11-07T02:46:32.3609565Z Get:1 file:/etc/apt/apt-mirrors.txt Mirrorlist [144 B]
2025-11-07T02:46:32.4049485Z Get:2 http://azure.archive.ubuntu.com/ubuntu noble/main amd64 build-essential amd64 12.10ubuntu1 [4928 B]
2025-11-07T02:46:32.6536010Z Fetched 4928 B in 0s (86.2 kB/s)
2025-11-07T02:46:32.6745621Z Selecting previously unselected package build-essential.
2025-11-07T02:46:32.7208602Z (Reading database ... 
2025-11-07T02:46:32.7209174Z (Reading database ... 5%
2025-11-07T02:46:32.7209679Z (Reading database ... 10%
2025-11-07T02:46:32.7210066Z (Reading database ... 15%
2025-11-07T02:46:32.7210464Z (Reading database ... 20%
2025-11-07T02:46:32.7210878Z (Reading database ... 25%
2025-11-07T02:46:32.7211262Z (Reading database ... 30%
2025-11-07T02:46:32.7211900Z (Reading database ... 35%
2025-11-07T02:46:32.7212295Z (Reading database ... 40%
2025-11-07T02:46:32.7212735Z (Reading database ... 45%
2025-11-07T02:46:32.7213032Z (Reading database ... 50%
2025-11-07T02:46:32.7292973Z (Reading database ... 55%
2025-11-07T02:46:33.0076100Z (Reading database ... 60%
2025-11-07T02:46:33.1965363Z (Reading database ... 65%
2025-11-07T02:46:33.4044968Z (Reading database ... 70%
2025-11-07T02:46:33.5611894Z (Reading database ... 75%
2025-11-07T02:46:33.8129425Z (Reading database ... 80%
2025-11-07T02:46:34.0520168Z (Reading database ... 85%
2025-11-07T02:46:34.3050010Z (Reading database ... 90%
2025-11-07T02:46:34.5158103Z (Reading database ... 95%
2025-11-07T02:46:34.5158552Z (Reading database ... 100%
2025-11-07T02:46:34.5159071Z (Reading database ... 215550 files and directories currently installed.)
2025-11-07T02:46:34.5202906Z Preparing to unpack .../build-essential_12.10ubuntu1_amd64.deb ...
2025-11-07T02:46:34.5229685Z Unpacking build-essential (12.10ubuntu1) ...
2025-11-07T02:46:34.5605942Z Setting up build-essential (12.10ubuntu1) ...
2025-11-07T02:46:35.2310806Z 
2025-11-07T02:46:35.2311921Z Running kernel seems to be up-to-date.
2025-11-07T02:46:35.2312352Z 
2025-11-07T02:46:35.2312563Z No services need to be restarted.
2025-11-07T02:46:35.2312899Z 
2025-11-07T02:46:35.2313021Z No containers need to be restarted.
2025-11-07T02:46:35.2313225Z 
2025-11-07T02:46:35.2313367Z No user sessions are running outdated binaries.
2025-11-07T02:46:35.2313615Z 
2025-11-07T02:46:35.2313846Z No VM guests are running outdated hypervisor (qemu) binaries on this host.
2025-11-07T02:46:36.1120209Z ##[group]Run set +e
2025-11-07T02:46:36.1120482Z [36;1mset +e[0m
2025-11-07T02:46:36.1120692Z [36;1m# Primary: Try exact kernel version[0m
2025-11-07T02:46:36.1121065Z [36;1msudo apt-get install -y linux-headers-$(uname -r) 2>/dev/null[0m
2025-11-07T02:46:36.1121561Z [36;1mif [ $? -eq 0 ]; then[0m
2025-11-07T02:46:36.1121815Z [36;1m  echo "available=true" >> $GITHUB_OUTPUT[0m
2025-11-07T02:46:36.1122072Z [36;1m  exit 0[0m
2025-11-07T02:46:36.1122244Z [36;1mfi[0m
2025-11-07T02:46:36.1122396Z [36;1m[0m
2025-11-07T02:46:36.1122615Z [36;1m# Fallback 1: Try generic headers for kernel series[0m
2025-11-07T02:46:36.1122947Z [36;1mKERNEL_VERSION=$(uname -r | sed 's/-[^-]*$//')[0m
2025-11-07T02:46:36.1123359Z [36;1msudo apt-get install -y linux-headers-${KERNEL_VERSION}-generic 2>/dev/null[0m
2025-11-07T02:46:36.1123734Z [36;1mif [ $? -eq 0 ]; then[0m
2025-11-07T02:46:36.1123985Z [36;1m  echo "available=true" >> $GITHUB_OUTPUT[0m
2025-11-07T02:46:36.1124265Z [36;1m  exit 0[0m
2025-11-07T02:46:36.1124605Z [36;1mfi[0m
2025-11-07T02:46:36.1124760Z [36;1m[0m
2025-11-07T02:46:36.1124989Z [36;1m# Fallback 2: Try any available headers for major version[0m
2025-11-07T02:46:36.1125329Z [36;1mKERNEL_MAJOR=$(uname -r | cut -d. -f1-2)[0m
2025-11-07T02:46:36.1125699Z [36;1msudo apt-get install -y "linux-headers-*${KERNEL_MAJOR}*" 2>/dev/null[0m
2025-11-07T02:46:36.1126048Z [36;1mif [ $? -eq 0 ]; then[0m
2025-11-07T02:46:36.1126291Z [36;1m  echo "available=true" >> $GITHUB_OUTPUT[0m
2025-11-07T02:46:36.1126543Z [36;1m  exit 0[0m
2025-11-07T02:46:36.1126708Z [36;1mfi[0m
2025-11-07T02:46:36.1126854Z [36;1m[0m
2025-11-07T02:46:36.1127068Z [36;1mecho "WARNING: No matching kernel headers found"[0m
2025-11-07T02:46:36.1127372Z [36;1mecho "available=false" >> $GITHUB_OUTPUT[0m
2025-11-07T02:46:36.1160068Z shell: /usr/bin/bash -e {0}
2025-11-07T02:46:36.1160284Z env:
2025-11-07T02:46:36.1160502Z   UV_CACHE_DIR: /home/runner/work/_temp/setup-uv-cache
2025-11-07T02:46:36.1160891Z   pythonLocation: /opt/hostedtoolcache/Python/3.12.12/x64
2025-11-07T02:46:36.1161308Z   PKG_CONFIG_PATH: /opt/hostedtoolcache/Python/3.12.12/x64/lib/pkgconfig
2025-11-07T02:46:36.1161823Z   Python_ROOT_DIR: /opt/hostedtoolcache/Python/3.12.12/x64
2025-11-07T02:46:36.1162188Z   Python2_ROOT_DIR: /opt/hostedtoolcache/Python/3.12.12/x64
2025-11-07T02:46:36.1162550Z   Python3_ROOT_DIR: /opt/hostedtoolcache/Python/3.12.12/x64
2025-11-07T02:46:36.1162911Z   LD_LIBRARY_PATH: /opt/hostedtoolcache/Python/3.12.12/x64/lib
2025-11-07T02:46:36.1163203Z ##[endgroup]
2025-11-07T02:46:36.1445421Z Reading package lists...
2025-11-07T02:46:36.3319494Z Building dependency tree...
2025-11-07T02:46:36.3327124Z Reading state information...
2025-11-07T02:46:36.5275703Z linux-headers-6.11.0-1018-azure is already the newest version (6.11.0-1018.18~24.04.1).
2025-11-07T02:46:36.5276524Z linux-headers-6.11.0-1018-azure set to manually installed.
2025-11-07T02:46:36.5277195Z 0 upgraded, 0 newly installed, 0 to remove and 37 not upgraded.
2025-11-07T02:46:36.5338282Z ##[group]Run git clone https://github.com/anszom/vtty.git vtty-module
2025-11-07T02:46:36.5338725Z [36;1mgit clone https://github.com/anszom/vtty.git vtty-module[0m
2025-11-07T02:46:36.5339038Z [36;1mcd vtty-module[0m
2025-11-07T02:46:36.5339224Z [36;1mmake[0m
2025-11-07T02:46:36.5339404Z [36;1msudo insmod vtty.ko[0m
2025-11-07T02:46:36.5339613Z [36;1msudo chmod 666 /dev/vtmx[0m
2025-11-07T02:46:36.5339836Z [36;1mlsmod | grep vtty[0m
2025-11-07T02:46:36.5372441Z shell: /usr/bin/bash -e {0}
2025-11-07T02:46:36.5372658Z env:
2025-11-07T02:46:36.5372866Z   UV_CACHE_DIR: /home/runner/work/_temp/setup-uv-cache
2025-11-07T02:46:36.5373224Z   pythonLocation: /opt/hostedtoolcache/Python/3.12.12/x64
2025-11-07T02:46:36.5373626Z   PKG_CONFIG_PATH: /opt/hostedtoolcache/Python/3.12.12/x64/lib/pkgconfig
2025-11-07T02:46:36.5374019Z   Python_ROOT_DIR: /opt/hostedtoolcache/Python/3.12.12/x64
2025-11-07T02:46:36.5374361Z   Python2_ROOT_DIR: /opt/hostedtoolcache/Python/3.12.12/x64
2025-11-07T02:46:36.5374724Z   Python3_ROOT_DIR: /opt/hostedtoolcache/Python/3.12.12/x64
2025-11-07T02:46:36.5375058Z   LD_LIBRARY_PATH: /opt/hostedtoolcache/Python/3.12.12/x64/lib
2025-11-07T02:46:36.5375342Z ##[endgroup]
2025-11-07T02:46:36.5436993Z Cloning into 'vtty-module'...
2025-11-07T02:46:36.7706197Z make -C /lib/modules/6.11.0-1018-azure/build M=$(pwd) modules
2025-11-07T02:46:36.7871904Z make[1]: Entering directory '/usr/src/linux-headers-6.11.0-1018-azure'
2025-11-07T02:46:37.5263479Z warning: the compiler differs from the one used to build the kernel
2025-11-07T02:46:37.5264366Z   The kernel was built by: x86_64-linux-gnu-gcc-13 (Ubuntu 13.3.0-6ubuntu2~24.04) 13.3.0
2025-11-07T02:46:37.5265146Z   You are using:           gcc-13 (Ubuntu 13.3.0-6ubuntu2~24.04) 13.3.0
2025-11-07T02:46:37.5559463Z   CC [M]  /home/runner/work/pyserial/pyserial/vtty-module/vtty.o
2025-11-07T02:46:42.5661797Z   MODPOST /home/runner/work/pyserial/pyserial/vtty-module/Module.symvers
2025-11-07T02:46:42.6456941Z   CC [M]  /home/runner/work/pyserial/pyserial/vtty-module/vtty.mod.o
2025-11-07T02:46:42.9443752Z   LD [M]  /home/runner/work/pyserial/pyserial/vtty-module/vtty.ko
2025-11-07T02:46:42.9564925Z   BTF [M] /home/runner/work/pyserial/pyserial/vtty-module/vtty.ko
2025-11-07T02:46:42.9565967Z Skipping BTF generation for /home/runner/work/pyserial/pyserial/vtty-module/vtty.ko due to unavailability of vmlinux
2025-11-07T02:46:42.9571668Z make[1]: Leaving directory '/usr/src/linux-headers-6.11.0-1018-azure'
2025-11-07T02:46:42.9779711Z vtty                   32768  0
2025-11-07T02:46:42.9822083Z ##[group]Run uv pip install --system -e .
2025-11-07T02:46:42.9822598Z [36;1muv pip install --system -e .[0m
2025-11-07T02:46:42.9823096Z [36;1muv pip install --system pytest pytest-cov[0m
2025-11-07T02:46:42.9859745Z shell: /usr/bin/bash -e {0}
2025-11-07T02:46:42.9859956Z env:
2025-11-07T02:46:42.9860173Z   UV_CACHE_DIR: /home/runner/work/_temp/setup-uv-cache
2025-11-07T02:46:42.9860525Z   pythonLocation: /opt/hostedtoolcache/Python/3.12.12/x64
2025-11-07T02:46:42.9860939Z   PKG_CONFIG_PATH: /opt/hostedtoolcache/Python/3.12.12/x64/lib/pkgconfig
2025-11-07T02:46:42.9861591Z   Python_ROOT_DIR: /opt/hostedtoolcache/Python/3.12.12/x64
2025-11-07T02:46:42.9862014Z   Python2_ROOT_DIR: /opt/hostedtoolcache/Python/3.12.12/x64
2025-11-07T02:46:42.9862361Z   Python3_ROOT_DIR: /opt/hostedtoolcache/Python/3.12.12/x64
2025-11-07T02:46:42.9862703Z   LD_LIBRARY_PATH: /opt/hostedtoolcache/Python/3.12.12/x64/lib
2025-11-07T02:46:42.9862991Z ##[endgroup]
2025-11-07T02:46:43.5245578Z Using Python 3.12.12 environment at: /opt/hostedtoolcache/Python/3.12.12/x64
2025-11-07T02:46:45.0334884Z Resolved 1 package in 1.50s
2025-11-07T02:46:45.0338005Z    Building pyserial @ file:///home/runner/work/pyserial/pyserial
2025-11-07T02:46:45.2599796Z       Built pyserial @ file:///home/runner/work/pyserial/pyserial
2025-11-07T02:46:45.2609730Z Prepared 1 package in 227ms
2025-11-07T02:46:45.2666266Z Installed 1 package in 5ms
2025-11-07T02:46:45.2666856Z  + pyserial==3.5 (from file:///home/runner/work/pyserial/pyserial)
2025-11-07T02:46:45.2855645Z Using Python 3.12.12 environment at: /opt/hostedtoolcache/Python/3.12.12/x64
2025-11-07T02:46:45.3840658Z Resolved 7 packages in 97ms
2025-11-07T02:46:45.4003908Z Downloading pygments (1.2MiB)
2025-11-07T02:46:45.4942602Z  Downloading pygments
2025-11-07T02:46:45.4944881Z Prepared 7 packages in 110ms
2025-11-07T02:46:45.5046430Z Installed 7 packages in 10ms
2025-11-07T02:46:45.5046848Z  + coverage==7.11.0
2025-11-07T02:46:45.5047156Z  + iniconfig==2.3.0
2025-11-07T02:46:45.5047539Z  + packaging==25.0
2025-11-07T02:46:45.5047883Z  + pluggy==1.6.0
2025-11-07T02:46:45.5048292Z  + pygments==2.19.2
2025-11-07T02:46:45.5048676Z  + pytest==8.4.2
2025-11-07T02:46:45.5049182Z  + pytest-cov==7.0.0
2025-11-07T02:46:45.5105836Z ##[group]Run mkdir -p ci
2025-11-07T02:46:45.5106111Z [36;1mmkdir -p ci[0m
2025-11-07T02:46:45.5106335Z [36;1mcp scripts/ci_vtty_helper.py ci/[0m
2025-11-07T02:46:45.5138930Z shell: /usr/bin/bash -e {0}
2025-11-07T02:46:45.5139164Z env:
2025-11-07T02:46:45.5139383Z   UV_CACHE_DIR: /home/runner/work/_temp/setup-uv-cache
2025-11-07T02:46:45.5139733Z   pythonLocation: /opt/hostedtoolcache/Python/3.12.12/x64
2025-11-07T02:46:45.5140135Z   PKG_CONFIG_PATH: /opt/hostedtoolcache/Python/3.12.12/x64/lib/pkgconfig
2025-11-07T02:46:45.5140526Z   Python_ROOT_DIR: /opt/hostedtoolcache/Python/3.12.12/x64
2025-11-07T02:46:45.5140886Z   Python2_ROOT_DIR: /opt/hostedtoolcache/Python/3.12.12/x64
2025-11-07T02:46:45.5141226Z   Python3_ROOT_DIR: /opt/hostedtoolcache/Python/3.12.12/x64
2025-11-07T02:46:45.5141849Z   LD_LIBRARY_PATH: /opt/hostedtoolcache/Python/3.12.12/x64/lib
2025-11-07T02:46:45.5142136Z ##[endgroup]
2025-11-07T02:46:45.5264172Z ##[group]Run eval $(python3 scripts/ci_vtty_helper.py)
2025-11-07T02:46:45.5264558Z [36;1meval $(python3 scripts/ci_vtty_helper.py)[0m
2025-11-07T02:46:45.5264939Z [36;1mpytest -v --cov=serial --cov-report=xml --cov-report=term --tb=short[0m
2025-11-07T02:46:45.5295145Z shell: /usr/bin/bash -e {0}
2025-11-07T02:46:45.5295533Z env:
2025-11-07T02:46:45.5295744Z   UV_CACHE_DIR: /home/runner/work/_temp/setup-uv-cache
2025-11-07T02:46:45.5296092Z   pythonLocation: /opt/hostedtoolcache/Python/3.12.12/x64
2025-11-07T02:46:45.5296478Z   PKG_CONFIG_PATH: /opt/hostedtoolcache/Python/3.12.12/x64/lib/pkgconfig
2025-11-07T02:46:45.5296881Z   Python_ROOT_DIR: /opt/hostedtoolcache/Python/3.12.12/x64
2025-11-07T02:46:45.5297215Z   Python2_ROOT_DIR: /opt/hostedtoolcache/Python/3.12.12/x64
2025-11-07T02:46:45.5297555Z   Python3_ROOT_DIR: /opt/hostedtoolcache/Python/3.12.12/x64
2025-11-07T02:46:45.5297916Z   LD_LIBRARY_PATH: /opt/hostedtoolcache/Python/3.12.12/x64/lib
2025-11-07T02:46:45.5298250Z ##[endgroup]
2025-11-07T02:46:45.5600744Z ERROR: Failed to get vtty device number: [Errno 25] Inappropriate ioctl for device
2025-11-07T02:46:45.5601836Z ERROR: Failed to get vtty device number: [Errno 25] Inappropriate ioctl for device
2025-11-07T02:46:45.5602508Z ERROR: Failed to create vtty pair
2025-11-07T02:46:46.8040592Z ============================= test session starts ==============================
2025-11-07T02:46:46.8041949Z platform linux -- Python 3.12.12, pytest-8.4.2, pluggy-1.6.0 -- /opt/hostedtoolcache/Python/3.12.12/x64/bin/python
2025-11-07T02:46:46.8042787Z cachedir: .pytest_cache
2025-11-07T02:46:46.8043207Z rootdir: /home/runner/work/pyserial/pyserial
2025-11-07T02:46:46.8043686Z configfile: pyproject.toml
2025-11-07T02:46:46.8044044Z plugins: cov-7.0.0
2025-11-07T02:46:47.3366683Z collecting ... collected 49 items
2025-11-07T02:46:47.3366953Z 
2025-11-07T02:46:47.3425036Z test/test_advanced.py::Test_ChangeAttributes::test_BaudrateSetting PASSED [  2%]
2025-11-07T02:46:47.3438783Z test/test_advanced.py::Test_ChangeAttributes::test_BytesizeSetting PASSED [  4%]
2025-11-07T02:46:47.3451707Z test/test_advanced.py::Test_ChangeAttributes::test_DoubleOpen PASSED     [  6%]
2025-11-07T02:46:47.3464755Z test/test_advanced.py::Test_ChangeAttributes::test_ParitySetting PASSED  [  8%]
2025-11-07T02:46:47.3477934Z test/test_advanced.py::Test_ChangeAttributes::test_PortOpenClose PASSED  [ 10%]
2025-11-07T02:46:47.3490261Z test/test_advanced.py::Test_ChangeAttributes::test_PortSetting PASSED    [ 12%]
2025-11-07T02:46:47.3502371Z test/test_advanced.py::Test_ChangeAttributes::test_RtsCtsSetting PASSED  [ 14%]
2025-11-07T02:46:47.3515175Z test/test_advanced.py::Test_ChangeAttributes::test_StopbitsSetting PASSED [ 16%]
2025-11-07T02:46:47.3527745Z test/test_advanced.py::Test_ChangeAttributes::test_TimeoutSetting PASSED [ 18%]
2025-11-07T02:46:47.3542576Z test/test_advanced.py::Test_ChangeAttributes::test_XonXoffSetting PASSED [ 20%]
2025-11-07T02:46:48.3569885Z test/test_cancel.py::TestCancelRead::test_cancel_once PASSED             [ 22%]
2025-11-07T02:46:49.3598684Z test/test_cancel.py::TestCancelWrite::test_cancel_once PASSED            [ 24%]
2025-11-07T02:46:49.3612682Z test/test_close.py::TestClose::test_close_not_called_by_finalize_if_closed PASSED [ 26%]
2025-11-07T02:46:49.3625310Z test/test_close.py::TestClose::test_closed_false PASSED                  [ 28%]
2025-11-07T02:46:49.3639571Z test/test_close.py::TestClose::test_closed_true PASSED                   [ 30%]
2025-11-07T02:46:49.3656418Z test/test_context.py::Test_Context::test_with_idempotent PASSED          [ 32%]
2025-11-07T02:46:49.3681789Z test/test_exclusive.py::Test_exclusive::test_exclusive_false SKIPPED     [ 34%]
2025-11-07T02:46:49.3697042Z test/test_exclusive.py::Test_exclusive::test_exclusive_none SKIPPED      [ 36%]
2025-11-07T02:46:49.3712421Z test/test_exclusive.py::Test_exclusive::test_exclusive_only_true SKIPPED [ 38%]
2025-11-07T02:46:49.3729783Z test/test_exclusive.py::Test_exclusive::test_exclusive_true SKIPPED      [ 40%]
2025-11-07T02:46:49.4040917Z test/test_high_load.py::TestHighLoad::test0_WriteReadLoopback PASSED     [ 42%]
2025-11-07T02:46:49.4355737Z test/test_high_load.py::TestHighLoad::test1_WriteWriteReadLoopback PASSED [ 44%]
2025-11-07T02:46:50.4381287Z test/test_iolib.py::Test_SerialAndIO::test_hello_raw PASSED              [ 46%]
2025-11-07T02:46:50.4398293Z test/test_pty.py::Test_Pty_Serial_Open::test_pty_serial_open_slave PASSED [ 48%]
2025-11-07T02:46:50.4412243Z test/test_pty.py::Test_Pty_Serial_Open::test_pty_serial_read PASSED      [ 51%]
2025-11-07T02:46:50.4428715Z test/test_pty.py::Test_Pty_Serial_Open::test_pty_serial_write PASSED     [ 53%]
2025-11-07T02:46:50.4442756Z test/test_readline.py::Test_Readline::test_alternate_eol PASSED          [ 55%]
2025-11-07T02:46:51.4464953Z test/test_readline.py::Test_Readline::test_for_in PASSED                 [ 57%]
2025-11-07T02:46:52.4487269Z test/test_readline.py::Test_Readline::test_readline PASSED               [ 59%]
2025-11-07T02:46:53.4509007Z test/test_readline.py::Test_Readline::test_readlines PASSED              [ 61%]
2025-11-07T02:46:53.4525735Z test/test_readline.py::Test_Readline::test_xreadlines PASSED             [ 63%]
2025-11-07T02:46:53.4697993Z test/test_rfc2217.py::Test_RFC2217::test_failed_connection PASSED        [ 65%]
2025-11-07T02:46:53.4712500Z test/test_rs485.py::Test_RS485_settings::test_enable_RS485 PASSED        [ 67%]
2025-11-07T02:46:53.4734805Z test/test_rs485.py::Test_RS485_class::test_RS485_class SKIPPED (RS48...) [ 69%]
2025-11-07T02:46:53.4748657Z test/test_settings_dict.py::Test_SettingsDict::test_getsettings PASSED   [ 71%]
2025-11-07T02:46:53.4765384Z test/test_settings_dict.py::Test_SettingsDict::test_init_sets_the_correct_attrs PASSED [ 73%]
2025-11-07T02:46:53.4778298Z test/test_settings_dict.py::Test_SettingsDict::test_partial_settings PASSED [ 75%]
2025-11-07T02:46:53.4793279Z test/test_settings_dict.py::Test_SettingsDict::test_unknown_settings PASSED [ 77%]
2025-11-07T02:46:54.4819450Z test/test_threaded.py::Test_threaded::test_framed_packet PASSED          [ 79%]
2025-11-07T02:46:55.4850155Z test/test_threaded.py::Test_threaded::test_line_reader PASSED            [ 81%]
2025-11-07T02:46:55.4863026Z test/test_timeout_class.py::TestTimeoutClass::test_blocking PASSED       [ 83%]
2025-11-07T02:46:55.4875132Z test/test_timeout_class.py::TestTimeoutClass::test_changing_clock PASSED [ 85%]
2025-11-07T02:46:55.4886942Z test/test_timeout_class.py::TestTimeoutClass::test_non_blocking PASSED   [ 87%]
2025-11-07T02:46:57.5909191Z test/test_timeout_class.py::TestTimeoutClass::test_simple_timeout PASSED [ 89%]
2025-11-07T02:46:57.5924699Z test/test_url.py::Test_URL::test_bad_url PASSED                          [ 91%]
2025-11-07T02:46:57.5942906Z test/test_url.py::Test_URL::test_custom_url PASSED                       [ 93%]
2025-11-07T02:46:57.5956734Z test/test_url.py::Test_URL::test_loop PASSED                             [ 95%]
2025-11-07T02:46:57.5968991Z test/test_util.py::Test_util::test_iterbytes PASSED                      [ 97%]
2025-11-07T02:46:58.2329573Z test/test_util.py::Test_util::test_to_bytes PASSED                       [100%]
2025-11-07T02:46:58.2330083Z 
2025-11-07T02:46:58.2330254Z ================================ tests coverage ================================
2025-11-07T02:46:58.2330830Z _______________ coverage: platform linux, python 3.12.12-final-0 _______________
2025-11-07T02:46:58.2331257Z 
2025-11-07T02:46:58.2331672Z Name                                    Stmts   Miss  Cover
2025-11-07T02:46:58.2332115Z -----------------------------------------------------------
2025-11-07T02:46:58.2332597Z serial/__init__.py                         43      8    81%
2025-11-07T02:46:58.2333110Z serial/__main__.py                          2      2     0%
2025-11-07T02:46:58.2333598Z serial/rfc2217.py                         806    596    26%
2025-11-07T02:46:58.2334072Z serial/rs485.py                            31     14    55%
2025-11-07T02:46:58.2334596Z serial/serialcli.py                       151    151     0%
2025-11-07T02:46:58.2335547Z serial/serialjava.py                      163    163     0%
2025-11-07T02:46:58.2336137Z serial/serialposix.py                     513    309    40%
2025-11-07T02:46:58.2336706Z serial/serialutil.py                      406    101    75%
2025-11-07T02:46:58.2337263Z serial/serialwin32.py                     275    275     0%
2025-11-07T02:46:58.2338022Z serial/threaded/__init__.py               157     51    68%
2025-11-07T02:46:58.2338571Z serial/tools/__init__.py                    0      0   100%
2025-11-07T02:46:58.2339121Z serial/tools/hexlify_codec.py              52     52     0%
2025-11-07T02:46:58.2339695Z serial/tools/list_ports.py                 47     47     0%
2025-11-07T02:46:58.2340271Z serial/tools/list_ports_common.py          67     67     0%
2025-11-07T02:46:58.2340852Z serial/tools/list_ports_linux.py           70     70     0%
2025-11-07T02:46:58.2341658Z serial/tools/list_ports_osx.py            153    153     0%
2025-11-07T02:46:58.2342301Z serial/tools/list_ports_posix.py           70     70     0%
2025-11-07T02:46:58.2342885Z serial/tools/list_ports_windows.py        208    208     0%
2025-11-07T02:46:58.2343451Z serial/tools/miniterm.py                  600    600     0%
2025-11-07T02:46:58.2344028Z serial/urlhandler/__init__.py               0      0   100%
2025-11-07T02:46:58.2344607Z serial/urlhandler/protocol_alt.py          27     27     0%
2025-11-07T02:46:58.2345214Z serial/urlhandler/protocol_cp2110.py      165    165     0%
2025-11-07T02:46:58.2345824Z serial/urlhandler/protocol_hwgrep.py       48     48     0%
2025-11-07T02:46:58.2346431Z serial/urlhandler/protocol_loop.py        186     69    63%
2025-11-07T02:46:58.2347033Z serial/urlhandler/protocol_rfc2217.py       2      0   100%
2025-11-07T02:46:58.2347620Z serial/urlhandler/protocol_socket.py      204    204     0%
2025-11-07T02:46:58.2348216Z serial/urlhandler/protocol_spy.py         210    210     0%
2025-11-07T02:46:58.2348779Z serial/win32.py                           195    195     0%
2025-11-07T02:46:58.2349295Z -----------------------------------------------------------
2025-11-07T02:46:58.2349752Z TOTAL                                    4851   3855    21%
2025-11-07T02:46:58.2350215Z Coverage XML written to file coverage.xml
2025-11-07T02:46:58.2350693Z ======================== 44 passed, 5 skipped in 11.39s ========================
2025-11-07T02:46:58.2767319Z ##[group]Run codecov/codecov-action@v4
2025-11-07T02:46:58.2767591Z with:
2025-11-07T02:46:58.2767754Z   files: ./coverage.xml
2025-11-07T02:46:58.2767953Z   fail_ci_if_error: false
2025-11-07T02:46:58.2768137Z env:
2025-11-07T02:46:58.2768337Z   UV_CACHE_DIR: /home/runner/work/_temp/setup-uv-cache
2025-11-07T02:46:58.2768669Z   pythonLocation: /opt/hostedtoolcache/Python/3.12.12/x64
2025-11-07T02:46:58.2769069Z   PKG_CONFIG_PATH: /opt/hostedtoolcache/Python/3.12.12/x64/lib/pkgconfig
2025-11-07T02:46:58.2769444Z   Python_ROOT_DIR: /opt/hostedtoolcache/Python/3.12.12/x64
2025-11-07T02:46:58.2769786Z   Python2_ROOT_DIR: /opt/hostedtoolcache/Python/3.12.12/x64
2025-11-07T02:46:58.2770117Z   Python3_ROOT_DIR: /opt/hostedtoolcache/Python/3.12.12/x64
2025-11-07T02:46:58.2770445Z   LD_LIBRARY_PATH: /opt/hostedtoolcache/Python/3.12.12/x64/lib
2025-11-07T02:46:58.2770728Z ##[endgroup]
2025-11-07T02:46:58.3595396Z eventName: workflow_dispatch
2025-11-07T02:46:58.3603996Z ==> linux OS detected
2025-11-07T02:46:58.6963188Z https://cli.codecov.io/latest/linux/codecov.SHA256SUM
2025-11-07T02:46:58.7965892Z gpg: directory '/home/runner/.gnupg' created
2025-11-07T02:46:58.8001932Z gpg: keybox '/home/runner/.gnupg/pubring.kbx' created
2025-11-07T02:46:58.8136514Z gpg: /home/runner/.gnupg/trustdb.gpg: trustdb created
2025-11-07T02:46:58.8137457Z gpg: key 806BB28AED779869: public key "Codecov Uploader (Codecov Uploader Verification Key) <security@codecov.io>" imported
2025-11-07T02:46:58.8533278Z gpg: Total number processed: 1
2025-11-07T02:46:58.8533709Z gpg:               imported: 1
2025-11-07T02:46:58.8587978Z gpg: Signature made Thu Oct 23 15:06:21 2025 UTC
2025-11-07T02:46:58.8588559Z gpg:                using RSA key 27034E7FDB850E0BBC2C62FF806BB28AED779869
2025-11-07T02:46:58.8590909Z gpg: Good signature from "Codecov Uploader (Codecov Uploader Verification Key) <security@codecov.io>" [unknown]
2025-11-07T02:46:58.8591930Z gpg: WARNING: This key is not certified with a trusted signature!
2025-11-07T02:46:58.8592628Z gpg:          There is no indication that the signature belongs to the owner.
2025-11-07T02:46:58.8593062Z Primary key fingerprint: 2703 4E7F DB85 0E0B BC2C  62FF 806B B28A ED77 9869
2025-11-07T02:46:58.8806834Z ==> Uploader SHASUM verified (3e4d282fe243aa7283b17016ff65ab2806c262f16abb41125f0caeea380dfe77  codecov)
2025-11-07T02:46:58.8807792Z ==> Running version latest
2025-11-07T02:46:58.9503823Z Could not pull latest version information: SyntaxError: Unexpected token '<', "<!DOCTYPE "... is not valid JSON
2025-11-07T02:46:58.9505236Z ==> Running git config --global --add safe.directory /home/runner/work/pyserial/pyserial
2025-11-07T02:46:58.9596160Z [command]/usr/bin/git config --global --add safe.directory /home/runner/work/pyserial/pyserial
2025-11-07T02:46:58.9643794Z ==> Running command '/home/runner/work/_actions/codecov/codecov-action/v4/dist/codecov create-commit'
2025-11-07T02:46:58.9646233Z [command]/home/runner/work/_actions/codecov/codecov-action/v4/dist/codecov create-commit --git-service github
2025-11-07T02:46:59.3291158Z info - 2025-11-07 02:46:59,328 -- ci service found: github-actions
2025-11-07T02:46:59.3381515Z warning - 2025-11-07 02:46:59,337 -- No config file could be found. Ignoring config.
2025-11-07T02:46:59.3677852Z warning - 2025-11-07 02:46:59,367 -- Branch `add-ci-uv` is protected but no token was provided
2025-11-07T02:46:59.3679189Z warning - 2025-11-07 02:46:59,367 -- For information on Codecov upload tokens, see https://docs.codecov.com/docs/codecov-tokens
2025-11-07T02:46:59.5278228Z info - 2025-11-07 02:46:59,527 -- Process Commit creating complete
2025-11-07T02:46:59.5279289Z error - 2025-11-07 02:46:59,527 -- Commit creating failed: {"message":"Token required - not valid tokenless upload"}
2025-11-07T02:46:59.6328874Z Sentry is attempting to send 2 pending events
2025-11-07T02:46:59.6329298Z Waiting up to 2 seconds
2025-11-07T02:46:59.6329552Z Press Ctrl-C to quit
2025-11-07T02:46:59.7036593Z ==> Running command '/home/runner/work/_actions/codecov/codecov-action/v4/dist/codecov create-report'
2025-11-07T02:46:59.7037936Z [command]/home/runner/work/_actions/codecov/codecov-action/v4/dist/codecov create-report --git-service github
2025-11-07T02:47:00.0474028Z info - 2025-11-07 02:47:00,046 -- ci service found: github-actions
2025-11-07T02:47:00.0564406Z warning - 2025-11-07 02:47:00,056 -- No config file could be found. Ignoring config.
2025-11-07T02:47:00.2926167Z info - 2025-11-07 02:47:00,292 -- Process Report creating complete
2025-11-07T02:47:00.2931682Z error - 2025-11-07 02:47:00,292 -- Report creating failed: {"message":"Token required - not valid tokenless upload"}
2025-11-07T02:47:00.3980796Z Sentry is attempting to send 3 pending events
2025-11-07T02:47:00.3981298Z Waiting up to 2 seconds
2025-11-07T02:47:00.3981743Z Press Ctrl-C to quit
2025-11-07T02:47:00.4929894Z ==> Running command '/home/runner/work/_actions/codecov/codecov-action/v4/dist/codecov do-upload'
2025-11-07T02:47:00.4931559Z [command]/home/runner/work/_actions/codecov/codecov-action/v4/dist/codecov do-upload -f ./coverage.xml --git-service github
2025-11-07T02:47:00.8389475Z info - 2025-11-07 02:47:00,838 -- ci service found: github-actions
2025-11-07T02:47:00.8480113Z warning - 2025-11-07 02:47:00,847 -- No config file could be found. Ignoring config.
2025-11-07T02:47:00.8791063Z warning - 2025-11-07 02:47:00,878 -- xcrun is not installed or can't be found.
2025-11-07T02:47:00.8835013Z warning - 2025-11-07 02:47:00,883 -- No gcov data found.
2025-11-07T02:47:00.8840539Z info - 2025-11-07 02:47:00,883 -- Generating coverage.xml report in /home/runner/work/pyserial/pyserial
2025-11-07T02:47:01.3364694Z info - 2025-11-07 02:47:01,335 -- Wrote XML report to coverage.xml
2025-11-07T02:47:01.3622796Z info - 2025-11-07 02:47:01,361 -- Found 1 coverage files to report
2025-11-07T02:47:01.3623350Z info - 2025-11-07 02:47:01,362 -- > /home/runner/work/pyserial/pyserial/coverage.xml
2025-11-07T02:47:01.5351831Z info - 2025-11-07 02:47:01,534 -- Process Upload complete
2025-11-07T02:47:01.5353182Z error - 2025-11-07 02:47:01,535 -- Upload failed: {"message":"Token required - not valid tokenless upload"}
2025-11-07T02:47:01.6422776Z Sentry is attempting to send 2 pending events
2025-11-07T02:47:01.6423119Z Waiting up to 2 seconds
2025-11-07T02:47:01.6423334Z Press Ctrl-C to quit
2025-11-07T02:47:01.7037520Z ##[group]Run sudo rmmod vtty || true
2025-11-07T02:47:01.7037818Z [36;1msudo rmmod vtty || true[0m
2025-11-07T02:47:01.7070277Z shell: /usr/bin/bash -e {0}
2025-11-07T02:47:01.7070501Z env:
2025-11-07T02:47:01.7070713Z   UV_CACHE_DIR: /home/runner/work/_temp/setup-uv-cache
2025-11-07T02:47:01.7071064Z   pythonLocation: /opt/hostedtoolcache/Python/3.12.12/x64
2025-11-07T02:47:01.7071598Z   PKG_CONFIG_PATH: /opt/hostedtoolcache/Python/3.12.12/x64/lib/pkgconfig
2025-11-07T02:47:01.7072011Z   Python_ROOT_DIR: /opt/hostedtoolcache/Python/3.12.12/x64
2025-11-07T02:47:01.7072361Z   Python2_ROOT_DIR: /opt/hostedtoolcache/Python/3.12.12/x64
2025-11-07T02:47:01.7072702Z   Python3_ROOT_DIR: /opt/hostedtoolcache/Python/3.12.12/x64
2025-11-07T02:47:01.7073037Z   LD_LIBRARY_PATH: /opt/hostedtoolcache/Python/3.12.12/x64/lib
2025-11-07T02:47:01.7073315Z ##[endgroup]
2025-11-07T02:47:01.7381697Z Post job cleanup.
2025-11-07T02:47:01.8943715Z Post job cleanup.
2025-11-07T02:47:02.0481692Z Pruning cache...
2025-11-07T02:47:02.0902973Z Saving cache path: /home/runner/work/_temp/setup-uv-cache
2025-11-07T02:47:02.1047314Z [command]/usr/bin/tar --posix -cf cache.tzst --exclude cache.tzst -P -C /home/runner/work/pyserial/pyserial --files-from manifest.txt --use-compress-program zstdmt
2025-11-07T02:47:02.2573570Z Failed to save: Unable to reserve cache with key setup-uv-1-x86_64-unknown-linux-gnu-3.12.3-3bda59dce989925a291465181b0c0354969a005478610ee02c695c5b1f4297bb, another job may be creating this cache.
2025-11-07T02:47:02.2579352Z cache saved with the key: setup-uv-1-x86_64-unknown-linux-gnu-3.12.3-3bda59dce989925a291465181b0c0354969a005478610ee02c695c5b1f4297bb
2025-11-07T02:47:02.2696354Z Post job cleanup.
2025-11-07T02:47:02.3632321Z [command]/usr/bin/git version
2025-11-07T02:47:02.3668193Z git version 2.51.2
2025-11-07T02:47:02.3706923Z Copying '/home/runner/.gitconfig' to '/home/runner/work/_temp/054c9a86-23fa-4b97-80ce-adf676aaad7f/.gitconfig'
2025-11-07T02:47:02.3717006Z Temporarily overriding HOME='/home/runner/work/_temp/054c9a86-23fa-4b97-80ce-adf676aaad7f' before making global git config changes
2025-11-07T02:47:02.3718273Z Adding repository directory to the temporary git global config as a safe directory
2025-11-07T02:47:02.3730477Z [command]/usr/bin/git config --global --add safe.directory /home/runner/work/pyserial/pyserial
2025-11-07T02:47:02.3765116Z [command]/usr/bin/git config --local --name-only --get-regexp core\.sshCommand
2025-11-07T02:47:02.3797323Z [command]/usr/bin/git submodule foreach --recursive sh -c "git config --local --name-only --get-regexp 'core\.sshCommand' && git config --local --unset-all 'core.sshCommand' || :"
2025-11-07T02:47:02.4031187Z [command]/usr/bin/git config --local --name-only --get-regexp http\.https\:\/\/github\.com\/\.extraheader
2025-11-07T02:47:02.4052183Z http.https://github.com/.extraheader
2025-11-07T02:47:02.4065797Z [command]/usr/bin/git config --local --unset-all http.https://github.com/.extraheader
2025-11-07T02:47:02.4097288Z [command]/usr/bin/git submodule foreach --recursive sh -c "git config --local --name-only --get-regexp 'http\.https\:\/\/github\.com\/\.extraheader' && git config --local --unset-all 'http.https://github.com/.extraheader' || :"
2025-11-07T02:47:02.4422401Z Cleaning up orphan processes
